Room Scanner V30.11.4 verification
UTC 2026-08-19T16:25:30Z


> room-scanner-v30-11-2-nonblocking-metric-lock@30.11.4 test
> node --test tests/*.test.mjs

TAP version 13
# Subtest: minimal boot imports only the versioned core app
ok 1 - minimal boot imports only the versioned core app
  ---
  duration_ms: 0.75904
  type: 'test'
  ...
# Subtest: HTML handshakes with active service worker and removes stale V30 workers before modules
ok 2 - HTML handshakes with active service worker and removes stale V30 workers before modules
  ---
  duration_ms: 0.263653
  type: 'test'
  ...
# Subtest: service worker is atomic and cache-first for static runtime assets
ok 3 - service worker is atomic and cache-first for static runtime assets
  ---
  duration_ms: 1.039877
  type: 'test'
  ...
# Subtest: all published identities are V30.11.4
ok 4 - all published identities are V30.11.4
  ---
  duration_ms: 2.20376
  type: 'test'
  ...
# Subtest: real anchors are mandatory and one user pin maps to one XRAnchor
ok 5 - real anchors are mandatory and one user pin maps to one XRAnchor
  ---
  duration_ms: 0.424451
  type: 'test'
  ...
# Subtest: screen markers come from live XRAnchor projection and XR layer has a true 3D marker
ok 6 - screen markers come from live XRAnchor projection and XR layer has a true 3D marker
  ---
  duration_ms: 0.332044
  type: 'test'
  ...
# Subtest: minimal calibration UI replaces the old full panel
ok 7 - minimal calibration UI replaces the old full panel
  ---
  duration_ms: 0.487025
  type: 'test'
  ...
# Subtest: ROI atlas is retained and reused by measurement matching
ok 8 - ROI atlas is retained and reused by measurement matching
  ---
  duration_ms: 0.41611
  type: 'test'
  ...
# Subtest: Apply is ready after exactly three useful visible pins without global pose gate
ok 9 - Apply is ready after exactly three useful visible pins without global pose gate
  ---
  duration_ms: 1.426122
  type: 'test'
  ...
# Subtest: an extra incomplete fourth pin does not disable Apply
ok 10 - an extra incomplete fourth pin does not disable Apply
  ---
  duration_ms: 1.315127
  type: 'test'
  ...
# Subtest: three useful pins still require a coherent common view
ok 11 - three useful pins still require a coherent common view
  ---
  duration_ms: 0.386325
  type: 'test'
  ...
# Subtest: degenerate collinear pins do not enable Apply
ok 12 - degenerate collinear pins do not enable Apply
  ---
  duration_ms: 0.284744
  type: 'test'
  ...
# Subtest: runtime thresholds make one pin useful after four separated ROI views and 8 cm baseline
ok 13 - runtime thresholds make one pin useful after four separated ROI views and 8 cm baseline
  ---
  duration_ms: 0.109694
  type: 'test'
  ...
# Subtest: all recovered core runtime files are present and non-empty
ok 14 - all recovered core runtime files are present and non-empty
  ---
  duration_ms: 1.594964
  type: 'test'
  ...
# Subtest: slam_core.wasm is a real WebAssembly binary
ok 15 - slam_core.wasm is a real WebAssembly binary
  ---
  duration_ms: 0.976443
  type: 'test'
  ...
# Subtest: existing v3 + requested v2 never issues a downgrade open
ok 16 - existing v3 + requested v2 never issues a downgrade open
  ---
  duration_ms: 2.427182
  type: 'test'
  ...
# Subtest: older schema upgrades only after version probe
ok 17 - older schema upgrades only after version probe
  ---
  duration_ms: 0.284373
  type: 'test'
  ...
# Subtest: upgrade race VersionError recovers with versionless reopen
ok 18 - upgrade race VersionError recovers with versionless reopen
  ---
  duration_ms: 0.258896
  type: 'test'
  ...
# Subtest: core has no heavy static imports before UI binding
ok 19 - core has no heavy static imports before UI binding
  ---
  duration_ms: 1.200637
  type: 'test'
  ...
# Subtest: core marks UI interactive before detached background initialization
ok 20 - core marks UI interactive before detached background initialization
  ---
  duration_ms: 1.240105
  type: 'test'
  ...
# Subtest: calibration buttons are bound independently
ok 21 - calibration buttons are bound independently
  ---
  duration_ms: 0.406294
  type: 'test'
  ...
# Subtest: diagnostics and service worker are not startup gates
ok 22 - diagnostics and service worker are not startup gates
  ---
  duration_ms: 0.399004
  type: 'test'
  ...
# Subtest: manual hit-test preview exposes metric depth and becomes stable
ok 23 - manual hit-test preview exposes metric depth and becomes stable
  ---
  duration_ms: 2.554762
  type: 'test'
  ...
# Subtest: ROI atlas requires camera motion/new viewpoint and stores multiple scales
ok 24 - ROI atlas requires camera motion/new viewpoint and stores multiple scales
  ---
  duration_ms: 0.816075
  type: 'test'
  ...
# Subtest: metric GS helpers preserve metres and provide mesh-oriented samples
ok 25 - metric GS helpers preserve metres and provide mesh-oriented samples
  ---
  duration_ms: 0.630358
  type: 'test'
  ...
# Subtest: metric mesh worker creates metric faces from occupied Gaussian samples
ok 26 - metric mesh worker creates metric faces from occupied Gaussian samples
  ---
  duration_ms: 2.474062
  type: 'test'
  ...
# Subtest: metric guidance cannot self-trigger a MutationObserver loop
ok 27 - metric guidance cannot self-trigger a MutationObserver loop
  ---
  duration_ms: 1.024475
  type: 'test'
  ...
# Subtest: camera preview starts before optional measurement guidance
ok 28 - camera preview starts before optional measurement guidance
  ---
  duration_ms: 1.502727
  type: 'test'
  ...
# Subtest: metric matcher has an explicit bounded work budget
ok 29 - metric matcher has an explicit bounded work budget
  ---
  duration_ms: 0.275059
  type: 'test'
  ...
# Subtest: metric lock hands the existing camera stream to scan
ok 30 - metric lock hands the existing camera stream to scan
  ---
  duration_ms: 0.404312
  type: 'test'
  ...
# Subtest: world anchor stays fixed while screen projection changes with camera motion
ok 31 - world anchor stays fixed while screen projection changes with camera motion
  ---
  duration_ms: 2.602323
  type: 'test'
  ...
# Subtest: lost trackedAnchors hides marker instead of freezing seed UV on screen
ok 32 - lost trackedAnchors hides marker instead of freezing seed UV on screen
  ---
  duration_ms: 0.714093
  type: 'test'
  ...
# Subtest: three distinct poses require at least three visible anchored targets
ok 33 - three distinct poses require at least three visible anchored targets
  ---
  duration_ms: 0.391372
  type: 'test'
  ...
# Subtest: two visible pins cannot create a qualifying global pose
ok 34 - two visible pins cannot create a qualifying global pose
  ---
  duration_ms: 0.195921
  type: 'test'
  ...
# Subtest: projection helper moves opposite camera translation
ok 35 - projection helper moves opposite camera translation
  ---
  duration_ms: 0.133459
  type: 'test'
  ...
# Subtest: XR scene renderer consumes current anchor pose in raw WebXR coordinates
ok 36 - XR scene renderer consumes current anchor pose in raw WebXR coordinates
  ---
  duration_ms: 0.507245
  type: 'test'
  ...
1..36
# tests 36
# suites 0
# pass 36
# fail 0
# cancelled 0
# skipped 0
# todo 0
# duration_ms 198.205279


> room-scanner-v30-11-2-nonblocking-metric-lock@30.11.4 check:layout
> node tools/check_v30_layout.mjs

PASS v30-layout · 51 file sotto una sola radice v30/


> room-scanner-v30-11-2-nonblocking-metric-lock@30.11.4 check:deps
> node tools/check_dependencies.mjs

PASS dependency-closure · 16 riferimenti locali risolti


> room-scanner-v30-11-2-nonblocking-metric-lock@30.11.4 check:mock
> node tools/mock_ui_boot.mjs

[RoomScan:ui-interactive] { build: 'v30.11.4-20260819-nonblocking-metric-lock' }
[RoomScan:begin-calibration] {
  message: 'WebXR non disponibile su questo browser',
  stack: 'Error: WebXR non disponibile su questo browser\n' +
    '    at XRMetricCalibrator.start (file:///mnt/data/v3011_2/v30/js/xr/xr_calibration.js?v=30.11.4:147:28)\n' +
    '    at beginCalibration (file:///mnt/data/v3011_2/v30/js/app.js?mock=1787156730739:30:475)\n' +
    '    at async El.<anonymous> (file:///mnt/data/v3011_2/v30/js/app.js?mock=1787156730739:20:59)'
}
[RoomScan:db-open] { message: 'IndexedDB is unavailable' }
PASS mock-ui-boot · controls bound · failed WebXR returns to Home · UI remains interactive

JavaScript syntax:
PASS javascript-syntax

PASS wasm-instantiate · exports noop

Metric-lock regression checks:
PASS no MutationObserver feedback loop
PASS event-driven measurement guidance
PASS bounded matcher budget
PASS bridge-to-scan stream handoff
PASS stream rollback after scan-start failure
