Room Scanner V30.11.0 verification
date_utc=2026-08-19T15:21:26Z


> room-scanner-v30-11-minimal-xr@30.11.0 verify
> npm test && npm run check:layout && npm run check:deps && npm run check:mock


> room-scanner-v30-11-minimal-xr@30.11.0 test
> node --test tests/*.test.mjs

TAP version 13
# Subtest: minimal boot imports only the versioned core app
ok 1 - minimal boot imports only the versioned core app
  ---
  duration_ms: 1.133657
  type: 'test'
  ...
# Subtest: HTML handshakes with active service worker and removes stale V30 workers before modules
ok 2 - HTML handshakes with active service worker and removes stale V30 workers before modules
  ---
  duration_ms: 0.418963
  type: 'test'
  ...
# Subtest: service worker is atomic and cache-first for static runtime assets
ok 3 - service worker is atomic and cache-first for static runtime assets
  ---
  duration_ms: 1.274026
  type: 'test'
  ...
# Subtest: all published identities are V30.11.0
ok 4 - all published identities are V30.11.0
  ---
  duration_ms: 1.791817
  type: 'test'
  ...
# Subtest: real anchors are mandatory and one user pin maps to one XRAnchor
ok 5 - real anchors are mandatory and one user pin maps to one XRAnchor
  ---
  duration_ms: 0.317552
  type: 'test'
  ...
# Subtest: screen markers come from live XRAnchor projection and XR layer has a true 3D marker
ok 6 - screen markers come from live XRAnchor projection and XR layer has a true 3D marker
  ---
  duration_ms: 0.226337
  type: 'test'
  ...
# Subtest: minimal calibration UI replaces the old full panel
ok 7 - minimal calibration UI replaces the old full panel
  ---
  duration_ms: 0.373826
  type: 'test'
  ...
# Subtest: ROI atlas is retained and reused by measurement matching
ok 8 - ROI atlas is retained and reused by measurement matching
  ---
  duration_ms: 0.271544
  type: 'test'
  ...
# Subtest: all recovered core runtime files are present and non-empty
ok 9 - all recovered core runtime files are present and non-empty
  ---
  duration_ms: 1.146647
  type: 'test'
  ...
# Subtest: slam_core.wasm is a real WebAssembly binary
ok 10 - slam_core.wasm is a real WebAssembly binary
  ---
  duration_ms: 0.852829
  type: 'test'
  ...
# Subtest: existing v3 + requested v2 never issues a downgrade open
ok 11 - existing v3 + requested v2 never issues a downgrade open
  ---
  duration_ms: 1.210242
  type: 'test'
  ...
# Subtest: older schema upgrades only after version probe
ok 12 - older schema upgrades only after version probe
  ---
  duration_ms: 0.455769
  type: 'test'
  ...
# Subtest: upgrade race VersionError recovers with versionless reopen
ok 13 - upgrade race VersionError recovers with versionless reopen
  ---
  duration_ms: 0.40319
  type: 'test'
  ...
# Subtest: core has no heavy static imports before UI binding
ok 14 - core has no heavy static imports before UI binding
  ---
  duration_ms: 0.882754
  type: 'test'
  ...
# Subtest: core marks UI interactive before detached background initialization
ok 15 - core marks UI interactive before detached background initialization
  ---
  duration_ms: 1.133126
  type: 'test'
  ...
# Subtest: calibration buttons are bound independently
ok 16 - calibration buttons are bound independently
  ---
  duration_ms: 0.299876
  type: 'test'
  ...
# Subtest: diagnostics and service worker are not startup gates
ok 17 - diagnostics and service worker are not startup gates
  ---
  duration_ms: 0.292765
  type: 'test'
  ...
# Subtest: manual hit-test preview exposes metric depth and becomes stable
ok 18 - manual hit-test preview exposes metric depth and becomes stable
  ---
  duration_ms: 2.797975
  type: 'test'
  ...
# Subtest: ROI atlas requires camera motion/new viewpoint and stores multiple scales
ok 19 - ROI atlas requires camera motion/new viewpoint and stores multiple scales
  ---
  duration_ms: 1.055451
  type: 'test'
  ...
# Subtest: metric GS helpers preserve metres and provide mesh-oriented samples
ok 20 - metric GS helpers preserve metres and provide mesh-oriented samples
  ---
  duration_ms: 0.857767
  type: 'test'
  ...
# Subtest: metric mesh worker creates metric faces from occupied Gaussian samples
ok 21 - metric mesh worker creates metric faces from occupied Gaussian samples
  ---
  duration_ms: 3.554992
  type: 'test'
  ...
# Subtest: world anchor stays fixed while screen projection changes with camera motion
ok 22 - world anchor stays fixed while screen projection changes with camera motion
  ---
  duration_ms: 2.197781
  type: 'test'
  ...
# Subtest: lost trackedAnchors hides marker instead of freezing seed UV on screen
ok 23 - lost trackedAnchors hides marker instead of freezing seed UV on screen
  ---
  duration_ms: 0.499363
  type: 'test'
  ...
# Subtest: three distinct poses require at least three visible anchored targets
ok 24 - three distinct poses require at least three visible anchored targets
  ---
  duration_ms: 0.385163
  type: 'test'
  ...
# Subtest: two visible pins cannot create a qualifying global pose
ok 25 - two visible pins cannot create a qualifying global pose
  ---
  duration_ms: 0.140419
  type: 'test'
  ...
# Subtest: projection helper moves opposite camera translation
ok 26 - projection helper moves opposite camera translation
  ---
  duration_ms: 0.191065
  type: 'test'
  ...
# Subtest: XR scene renderer consumes current anchor pose in raw WebXR coordinates
ok 27 - XR scene renderer consumes current anchor pose in raw WebXR coordinates
  ---
  duration_ms: 0.509529
  type: 'test'
  ...
1..27
# tests 27
# suites 0
# pass 27
# fail 0
# cancelled 0
# skipped 0
# todo 0
# duration_ms 142.657081

> room-scanner-v30-11-minimal-xr@30.11.0 check:layout
> node tools/check_v30_layout.mjs

PASS v30-layout · 45 file sotto una sola radice v30/

> room-scanner-v30-11-minimal-xr@30.11.0 check:deps
> node tools/check_dependencies.mjs

PASS dependency-closure · 16 riferimenti locali risolti

> room-scanner-v30-11-minimal-xr@30.11.0 check:mock
> node tools/mock_ui_boot.mjs

[RoomScan:ui-interactive] { build: 'v30.11.0-20260819-minimal-xr-pins-lazy-boot' }
[RoomScan:begin-calibration] {
  message: 'WebXR non disponibile su questo browser',
  stack: 'Error: WebXR non disponibile su questo browser\n' +
    '    at XRMetricCalibrator.start (file:///mnt/data/v3011/v30/js/xr/xr_calibration.js?v=30.11.0:125:28)\n' +
    '    at beginCalibration (file:///mnt/data/v3011/v30/js/app.js?mock=1787152886973:30:475)\n' +
    '    at async El.<anonymous> (file:///mnt/data/v3011/v30/js/app.js?mock=1787152886973:20:59)'
}
[RoomScan:db-open] { message: 'IndexedDB is unavailable' }
PASS mock-ui-boot · controls bound · failed WebXR returns to Home · UI remains interactive

PASS javascript-syntax · all js/sw parsed
PASS wasm-instantiate · wasm/slam_core.wasm
NOTE chromium-headless · unavailable as a reliable test in this container because Chromium hangs on missing DBus services; Node/browser-contract tests used instead.
