
> room-scanner-v30-15-alva-dense-tsdf@30.15.0 verify
> npm test && npm run check:layout && npm run check:deps && npm run check:constructors && npm run check:mock && npm run check:alva


> room-scanner-v30-15-alva-dense-tsdf@30.15.0 test
> node --test tests/*.test.mjs

TAP version 13
# Subtest: MVS descriptors are extracted preferentially at Alva-tracked frame points
ok 1 - MVS descriptors are extracted preferentially at Alva-tracked frame points
  ---
  duration_ms: 17.676472
  type: 'test'
  ...
# Subtest: AlvaAR matrix conversion matches Room Scanner signs
ok 2 - AlvaAR matrix conversion matches Room Scanner signs
  ---
  duration_ms: 2.730593
  type: 'test'
  ...
# Subtest: one-shot bootstrap recovers a fixed Alva->metric Sim3
ok 3 - one-shot bootstrap recovers a fixed Alva->metric Sim3
  ---
  duration_ms: 6.934295
  type: 'test'
  ...
# Subtest: SlamEngine never synthesizes motion when Alva loses tracking and resumes on relocalization
ok 4 - SlamEngine never synthesizes motion when Alva loses tracking and resumes on relocalization
  ---
  duration_ms: 6.70597
  type: 'test'
  ...
# Subtest: official Alva source validator rejects the tiny wasm/sentinel path
ok 5 - official Alva source validator rejects the tiny wasm/sentinel path
  ---
  duration_ms: 1.723901
  type: 'test'
  ...
# Subtest: official Alva source validator accepts a full-size bundle with the public API
ok 6 - official Alva source validator accepts a full-size bundle with the public API
  ---
  duration_ms: 45.129555
  type: 'test'
  ...
# Subtest: runtime downloads once and reuses CacheStorage offline
ok 7 - runtime downloads once and reuses CacheStorage offline
  ---
  duration_ms: 367.886441
  type: 'test'
  ...
# Subtest: minimal boot imports only the versioned core app
ok 8 - minimal boot imports only the versioned core app
  ---
  duration_ms: 4.867176
  type: 'test'
  ...
# Subtest: HTML handshakes with active service worker and removes stale V30 workers before modules
ok 9 - HTML handshakes with active service worker and removes stale V30 workers before modules
  ---
  duration_ms: 0.989323
  type: 'test'
  ...
# Subtest: service worker is atomic and cache-first for static runtime assets
ok 10 - service worker is atomic and cache-first for static runtime assets
  ---
  duration_ms: 6.246386
  type: 'test'
  ...
# Subtest: AlvaAR official runtime is managed by its dedicated validated cache without gating shell install
ok 11 - AlvaAR official runtime is managed by its dedicated validated cache without gating shell install
  ---
  duration_ms: 1.191474
  type: 'test'
  ...
# Subtest: all published identities are V30.15.0
ok 12 - all published identities are V30.15.0
  ---
  duration_ms: 8.648967
  type: 'test'
  ...
# Subtest: real anchors are mandatory and one user pin maps to one XRAnchor
ok 13 - real anchors are mandatory and one user pin maps to one XRAnchor
  ---
  duration_ms: 1.611244
  type: 'test'
  ...
# Subtest: screen markers come from live XRAnchor projection and XR layer has a true 3D marker
ok 14 - screen markers come from live XRAnchor projection and XR layer has a true 3D marker
  ---
  duration_ms: 1.220324
  type: 'test'
  ...
# Subtest: minimal calibration UI replaces the old full panel
ok 15 - minimal calibration UI replaces the old full panel
  ---
  duration_ms: 1.719382
  type: 'test'
  ...
# Subtest: ROI atlas is retained and reused by measurement matching
ok 16 - ROI atlas is retained and reused by measurement matching
  ---
  duration_ms: 1.875889
  type: 'test'
  ...
# Subtest: Apply is ready after exactly three useful visible pins without global pose gate
ok 17 - Apply is ready after exactly three useful visible pins without global pose gate
  ---
  duration_ms: 6.692154
  type: 'test'
  ...
# Subtest: an extra incomplete fourth pin does not disable Apply
ok 18 - an extra incomplete fourth pin does not disable Apply
  ---
  duration_ms: 3.185683
  type: 'test'
  ...
# Subtest: three useful pins still require a coherent common view
ok 19 - three useful pins still require a coherent common view
  ---
  duration_ms: 1.583322
  type: 'test'
  ...
# Subtest: degenerate collinear pins do not enable Apply
ok 20 - degenerate collinear pins do not enable Apply
  ---
  duration_ms: 2.748198
  type: 'test'
  ...
# Subtest: runtime thresholds make one pin useful after four separated ROI views and 8 cm baseline
ok 21 - runtime thresholds make one pin useful after four separated ROI views and 8 cm baseline
  ---
  duration_ms: 0.265526
  type: 'test'
  ...
# Subtest: camera analysis uses a central cover crop instead of stretching 16:9 into portrait
ok 22 - camera analysis uses a central cover crop instead of stretching 16:9 into portrait
  ---
  duration_ms: 3.232811
  type: 'test'
  ...
# Subtest: intrinsics and AR viewport mapping follow the same crop geometry
ok 23 - intrinsics and AR viewport mapping follow the same crop geometry
  ---
  duration_ms: 1.166922
  type: 'test'
  ...
# Subtest: all recovered core runtime files are present and non-empty
ok 24 - all recovered core runtime files are present and non-empty
  ---
  duration_ms: 2.707689
  type: 'test'
  ...
# Subtest: slam_core.wasm is a real WebAssembly binary
ok 25 - slam_core.wasm is a real WebAssembly binary
  ---
  duration_ms: 8.758722
  type: 'test'
  ...
# Subtest: online splat fusion records independent multi-view support and anisotropic uncertainty
ok 26 - online splat fusion records independent multi-view support and anisotropic uncertainty
  ---
  duration_ms: 7.234841
  type: 'test'
  ...
# Subtest: isolated one-view floaters are hidden until spatial or multi-view support exists
ok 27 - isolated one-view floaters are hidden until spatial or multi-view support exists
  ---
  duration_ms: 8.879159
  type: 'test'
  ...
# Subtest: existing v3 + requested v2 never issues a downgrade open
ok 28 - existing v3 + requested v2 never issues a downgrade open
  ---
  duration_ms: 12.079603
  type: 'test'
  ...
# Subtest: older schema upgrades only after version probe
ok 29 - older schema upgrades only after version probe
  ---
  duration_ms: 1.158542
  type: 'test'
  ...
# Subtest: upgrade race VersionError recovers with versionless reopen
ok 30 - upgrade race VersionError recovers with versionless reopen
  ---
  duration_ms: 0.631152
  type: 'test'
  ...
# Subtest: core has no heavy static imports before UI binding
ok 31 - core has no heavy static imports before UI binding
  ---
  duration_ms: 7.541046
  type: 'test'
  ...
# Subtest: core marks UI interactive before detached background initialization
ok 32 - core marks UI interactive before detached background initialization
  ---
  duration_ms: 1.011586
  type: 'test'
  ...
# Subtest: calibration buttons are bound independently
ok 33 - calibration buttons are bound independently
  ---
  duration_ms: 1.699861
  type: 'test'
  ...
# Subtest: diagnostics and service worker are not startup gates
ok 34 - diagnostics and service worker are not startup gates
  ---
  duration_ms: 1.338211
  type: 'test'
  ...
# Subtest: scan draws splats/mesh over camera from the live metric pose
ok 35 - scan draws splats/mesh over camera from the live metric pose
  ---
  duration_ms: 13.264522
  type: 'test'
  ...
# Subtest: review viewer exposes orbit pan pinch and fixed orientation presets
ok 36 - review viewer exposes orbit pan pinch and fixed orientation presets
  ---
  duration_ms: 1.472681
  type: 'test'
  ...
# Subtest: Alva remains the only trajectory source before dense mapping
ok 37 - Alva remains the only trajectory source before dense mapping
  ---
  duration_ms: 5.174916
  type: 'test'
  ...
# Subtest: dense keyframe manager builds a small multi-view graph instead of every video frame
ok 38 - dense keyframe manager builds a small multi-view graph instead of every video frame
  ---
  duration_ms: 64.949703
  type: 'test'
  ...
# Subtest: multi-view plane sweep recovers a dense 2 m plane from known Alva poses
ok 39 - multi-view plane sweep recovers a dense 2 m plane from known Alva poses
  ---
  duration_ms: 212.887032
  type: 'test'
  ...
# Subtest: multi-view depth fuses into confirmed surfels and a TSDF mesh
ok 40 - multi-view depth fuses into confirmed surfels and a TSDF mesh
  ---
  duration_ms: 173.769571
  type: 'test'
  ...
# Subtest: app no longer feeds sparse MVS points directly into Gaussian accumulation
ok 41 - app no longer feeds sparse MVS points directly into Gaussian accumulation
  ---
  duration_ms: 1.596847
  type: 'test'
  ...
# Subtest: dense mapper refuses textureless walls instead of hallucinating arbitrary depth
ok 42 - dense mapper refuses textureless walls instead of hallucinating arbitrary depth
  ---
  duration_ms: 3.001337
  type: 'test'
  ...
# Subtest: manual hit-test preview exposes metric depth and becomes stable
ok 43 - manual hit-test preview exposes metric depth and becomes stable
  ---
  duration_ms: 6.795714
  type: 'test'
  ...
# Subtest: ROI atlas requires camera motion/new viewpoint and stores multiple scales
ok 44 - ROI atlas requires camera motion/new viewpoint and stores multiple scales
  ---
  duration_ms: 1.750696
  type: 'test'
  ...
# Subtest: metric GS helpers preserve metres and provide mesh-oriented samples
ok 45 - metric GS helpers preserve metres and provide mesh-oriented samples
  ---
  duration_ms: 2.073383
  type: 'test'
  ...
# Subtest: metric preview has no unused full-screen bridge canvas
ok 46 - metric preview has no unused full-screen bridge canvas
  ---
  duration_ms: 12.47089
  type: 'test'
  ...
# Subtest: pin guidance uses DOM rings, not a full-screen canvas
ok 47 - pin guidance uses DOM rings, not a full-screen canvas
  ---
  duration_ms: 0.834635
  type: 'test'
  ...
# Subtest: bridge camera is forced to a real viewport-sized rectangle
ok 48 - bridge camera is forced to a real viewport-sized rectangle
  ---
  duration_ms: 3.032081
  type: 'test'
  ...
# Subtest: metric mesh worker creates metric faces from occupied Gaussian samples
ok 49 - metric mesh worker creates metric faces from occupied Gaussian samples
  ---
  duration_ms: 7.570517
  type: 'test'
  ...
# Subtest: metric guidance cannot self-trigger a MutationObserver loop
ok 50 - metric guidance cannot self-trigger a MutationObserver loop
  ---
  duration_ms: 3.134344
  type: 'test'
  ...
# Subtest: camera preview starts before optional measurement guidance
ok 51 - camera preview starts before optional measurement guidance
  ---
  duration_ms: 7.996175
  type: 'test'
  ...
# Subtest: metric matcher has an explicit bounded work budget
ok 52 - metric matcher has an explicit bounded work budget
  ---
  duration_ms: 0.78674
  type: 'test'
  ...
# Subtest: metric lock hands the existing camera stream to scan
ok 53 - metric lock hands the existing camera stream to scan
  ---
  duration_ms: 1.806246
  type: 'test'
  ...
# Subtest: short-lived pin PnP recovers metric camera pose from >=3 known 3D pins
ok 54 - short-lived pin PnP recovers metric camera pose from >=3 known 3D pins
  ---
  duration_ms: 24.652619
  type: 'test'
  ...
# Subtest: all visual runtime hosts are present in the published HTML
ok 55 - all visual runtime hosts are present in the published HTML
  ---
  duration_ms: 3.110943
  type: 'test'
  ...
# Subtest: WebXR anchor placement does not require raw camera access
ok 56 - WebXR anchor placement does not require raw camera access
  ---
  duration_ms: 6.612835
  type: 'test'
  ...
# Subtest: Alva is not compiled in background during home or WebXR calibration
ok 57 - Alva is not compiled in background during home or WebXR calibration
  ---
  duration_ms: 1.50984
  type: 'test'
  ...
# Subtest: live AR overlay always exposes Alva tracking points and a persistent repere
ok 58 - live AR overlay always exposes Alva tracking points and a persistent repere
  ---
  duration_ms: 1.502231
  type: 'test'
  ...
# Subtest: scale-free Alva world still feeds dense depth, surface fusion and live mesh
ok 59 - scale-free Alva world still feeds dense depth, surface fusion and live mesh
  ---
  duration_ms: 1.621529
  type: 'test'
  ...
# Subtest: SlamEngine derived constructor is runtime-safe with fixed metric transform
ok 60 - SlamEngine derived constructor is runtime-safe with fixed metric transform
  ---
  duration_ms: 4.940454
  type: 'test'
  ...
# Subtest: world anchor stays fixed while screen projection changes with camera motion
ok 61 - world anchor stays fixed while screen projection changes with camera motion
  ---
  duration_ms: 5.065976
  type: 'test'
  ...
# Subtest: lost trackedAnchors hides marker instead of freezing seed UV on screen
ok 62 - lost trackedAnchors hides marker instead of freezing seed UV on screen
  ---
  duration_ms: 1.259075
  type: 'test'
  ...
# Subtest: three distinct poses require at least three visible anchored targets
ok 63 - three distinct poses require at least three visible anchored targets
  ---
  duration_ms: 0.782754
  type: 'test'
  ...
# Subtest: two visible pins cannot create a qualifying global pose
ok 64 - two visible pins cannot create a qualifying global pose
  ---
  duration_ms: 0.426001
  type: 'test'
  ...
# Subtest: projection helper moves opposite camera translation
ok 65 - projection helper moves opposite camera translation
  ---
  duration_ms: 0.343087
  type: 'test'
  ...
# Subtest: XR scene renderer consumes current anchor pose in raw WebXR coordinates
ok 66 - XR scene renderer consumes current anchor pose in raw WebXR coordinates
  ---
  duration_ms: 1.395861
  type: 'test'
  ...
1..66
# tests 66
# suites 0
# pass 66
# fail 0
# cancelled 0
# skipped 0
# todo 0
# duration_ms 1200.116251

> room-scanner-v30-15-alva-dense-tsdf@30.15.0 check:layout
> node tools/check_v30_layout.mjs

PASS v30-layout · 83 file sotto una sola radice v30/

> room-scanner-v30-15-alva-dense-tsdf@30.15.0 check:deps
> node tools/check_dependencies.mjs

PASS dependency-closure · 22 riferimenti locali risolti

> room-scanner-v30-15-alva-dense-tsdf@30.15.0 check:constructors
> node tools/check_eventtarget_constructors.mjs

PASS EventTarget constructors · 5/5 derived classes call super() first

> room-scanner-v30-15-alva-dense-tsdf@30.15.0 check:mock
> node tools/mock_ui_boot.mjs

[RoomScan:ui-interactive] { build: 'v30.15.0-20260820-alva-dense-plane-sweep-tsdf' }
[RoomScan:begin-calibration] {
  message: 'WebXR non disponibile su questo browser',
  stack: 'Error: WebXR non disponibile su questo browser\n' +
    '    at XRMetricCalibrator.start (file:///mnt/data/v3015_work/v30/js/xr/xr_calibration.js?v=30.15.0:147:28)\n' +
    '    at beginCalibration (file:///mnt/data/v3015_work/v30/js/app.js?mock=1787215405412:31:475)\n' +
    '    at async El.<anonymous> (file:///mnt/data/v3015_work/v30/js/app.js?mock=1787215405412:20:59)'
}
[RoomScan:db-open] { message: 'IndexedDB is unavailable' }
PASS mock-ui-boot · controls bound · failed WebXR returns to Home · UI remains interactive

> room-scanner-v30-15-alva-dense-tsdf@30.15.0 check:alva
> node tools/check_alvaar_runtime.mjs

PASS alvaar-runtime-contract

PASS javascript-syntax-all
PASS wasm-instantiate
